PS C:\Users\Felipe\proyectoProgra\bootcamp> cd "c:\Users\Felipe\proyectoProgra\bootcamp\modulo2\sesionDoce"
PS C:\Users\Felipe\proyectoProgra\bootcamp\modulo2\sesionDoce> cd Drilling
PS C:\Users\Felipe\proyectoProgra\bootcamp\modulo2\sesionDoce\Drilling> git init
Initialized empty Git repository in C:/Users/Felipe/proyectoProgra/bootcamp/modulo2/sesionDoce/Drilling/.git/
PS C:\Users\Felipe\proyectoProgra\bootcamp\modulo2\sesionDoce\Drilling> git status
On branch master

No commits yet

Untracked files:
  (use "git add <file>..." to include in what will be committed)
        assets/
        index.html

nothing added to commit but untracked files present (use "git add" to track)
On branch master

No commits yet

Changes to be committed:
  (use "git rm --cached <file>..." to unstage)
        new file:   assets/JS/index.js
        new file:   assets/css/index.css
        new file:   assets/img/IMG1.jpg
        new file:   assets/img/IMG2.jpg
        new file:   assets/img/bebidas.jpg
        new file:   assets/img/chorillana.jpg
        new file:   assets/img/fondo.jpg
        new file:   assets/img/mojito.jpg
        new file:   assets/img/n.png
        new file:   assets/img/shop.jpeg
        new file:   index.html

PS C:\Users\Felipe\proyectoProgra\bootcamp\modulo2\sesionDoce\Drilling> git commit -m "primer commit de página Nimrodel Pub Restaurant"
[master (root-commit) b71e924] primer commit de página Nimrodel Pub Restaurant
 create mode 100644 assets/JS/index.js
 create mode 100644 assets/css/index.css
 create mode 100644 assets/img/IMG2.jpg
 create mode 100644 assets/img/bebidas.jpg
 create mode 100644 assets/img/fondo.jpg
 create mode 100644 assets/img/mojito.jpg
 create mode 100644 assets/img/n.png
 create mode 100644 assets/img/shop.jpeg
 create mode 100644 assets/img/tablas.jpg
 create mode 100644 assets/img/vino.jpg
 create mode 100644 index.html
PS C:\Users\Felipe\proyectoProgra\bootcamp\modulo2\sesionDoce\Drilling> git remote add master https://github.com/fVillaSymmes/Nimrodel.git
PS C:\Users\Felipe\proyectoProgra\bootcamp\modulo2\sesionDoce\Drilling> git push -u origin master
fatal: 'origin' does not appear to be a git repository

Please make sure you have the correct access rights
and the repository exists.
PS C:\Users\Felipe\proyectoProgra\bootcamp\modulo2\sesionDoce\Drilling> git push -u master main
error: src refspec main does not match any
error: failed to push some refs to 'https://github.com/fVillaSymmes/Nimrodel.git'
PS C:\Users\Felipe\proyectoProgra\bootcamp\modulo2\sesionDoce\Drilling> git push -u origin main
error: src refspec main does not match any
Enumerating objects: 19, done.
Counting objects: 100% (19/19), done.
Delta compression using up to 4 threads
Compressing objects: 100% (17/17), done.
Writing objects: 100% (19/19), 3.83 MiB | 1.31 MiB/s, done.
Total 19 (delta 0), reused 0 (delta 0), pack-reused 0
To https://github.com/fVillaSymmes/Nimrodel.git
PS C:\Users\Felipe\proyectoProgra\bootcamp\modulo2\sesionDoce\Drilling> ^C
PS C:\Users\Felipe\proyectoProgra\bootcamp\modulo2\sesionDoce\Drilling> ^C
PS C:\Users\Felipe\proyectoProgra\bootcamp\modulo2\sesionDoce\Drilling> git status
Your branch is up to date with 'master/master'.

Untracked files:
  (use "git add <file>..." to include in what will be committed)
        consola.txt

nothing added to commit but untracked files present (use "git add" to track)
PS C:\Users\Felipe\proyectoProgra\bootcamp\modulo2\sesionDoce\Drilling> git add .
PS C:\Users\Felipe\proyectoProgra\bootcamp\modulo2\sesionDoce\Drilling> git status
On branch master
Your branch is up to date with 'master/master'.

Changes to be committed:
  (use "git restore --staged <file>..." to unstage)
        new file:   consola.txt

PS C:\Users\Felipe\proyectoProgra\bootcamp\modulo2\sesionDoce\Drilling> git commit -m "se sube archivo de 
texto con los comandos ingresados en consola"
[master 01af8ee] se sube archivo de texto con los comandos ingresados en consola
 1 file changed, 0 insertions(+), 0 deletions(-)
 create mode 100644 consola.txt
PS C:\Users\Felipe\proyectoProgra\bootcamp\modulo2\sesionDoce\Drilling> git push
Enumerating objects: 4, done.
Counting objects: 100% (4/4), done.
Delta compression using up to 4 threads
Compressing objects: 100% (2/2), done.
Writing objects: 100% (3/3), 357 bytes | 178.00 KiB/s, done.
Total 3 (delta 0), reused 0 (delta 0), pack-reused 0
To https://github.com/fVillaSymmes/Nimrodel.git
   b71e924..01af8ee  master -> master